// Jest Snapshot v1, https://goo.gl/fbAQLP

exports[`App component renders App 1`] = `
<DocumentFragment>
  <div>
    <div
      style="background-image: none; background-position: center; background-repeat: no-repeat; background-size: cover; width: 800px; height: 800px;"
    />
  </div>
</DocumentFragment>
`;
